../Core/Src/main.c:142:5:main	16	static
../Core/Src/main.c:245:6:MX_ETH_Init	8	static
../Core/Src/main.c:294:13:MX_TIM2_Init	56	static
../Core/Src/main.c:365:13:MX_TIM3_Init	64	static
../Core/Src/main.c:436:13:MX_TIM5_Init	56	static
../Core/Src/main.c:499:6:MX_USART3_UART_Init	8	static
../Core/Src/main.c:547:13:MX_GPIO_Init	24	static
../Core/Src/main.c:559:6:startInputCaptureInterruptDutyCycle	8	static
../Core/Src/main.c:568:6:startPwmMotors	8	static
../Core/Src/main.c:582:6:calculateRadioControlValues	8	static
../Core/Src/main.c:600:5:getLevel	24	static
../Core/Src/main.c:616:7:map	32	static
../Core/Src/main.c:623:6:jumpHalfPeriod	16	static
../Core/Src/main.c:629:7:waitingForGettingFrequency	8	static
../Core/Src/main.c:642:6:waitingForFirstValues	24	static
../Core/Src/main.c:658:6:armMotors	4	static
../Core/Src/main.c:671:6:moveMotors	4	static
../Core/Src/main.c:678:6:stopMotors	4	static
../Core/Src/main.c:696:6:HAL_TIM_IC_CaptureCallback	16	static
../Core/Src/main.c:820:6:Error_Handler	4	static,ignoring_inline_asm
